https://clips.twitch.tv/AmazingAwkwardCockroachJebaited-_klkBkrOAwJN63HV
https://clips.twitch.tv/JoyousDullSandstormNinjaGrumpy-cd4oyD5RByKmccU3